/* The content of this file was generated using a modified C profile of libCellML 0.5.0. */

double xor(double x, double y)
{
    return (x != 0.0) ^ (y != 0.0);
}

double min(double x, double y)
{
    return (x < y)?x:y;
}

double max(double x, double y)
{
    return (x > y)?x:y;
}

double sec(double x)
{
    return 1.0/cos(x);
}

double csc(double x)
{
    return 1.0/sin(x);
}

double cot(double x)
{
    return 1.0/tan(x);
}

double sech(double x)
{
    return 1.0/cosh(x);
}

double csch(double x)
{
    return 1.0/sinh(x);
}

double coth(double x)
{
    return 1.0/tanh(x);
}

double asec(double x)
{
    return acos(1.0/x);
}

double acsc(double x)
{
    return asin(1.0/x);
}

double acot(double x)
{
    return atan(1.0/x);
}

double asech(double x)
{
    double oneOverX = 1.0/x;

    return log(oneOverX+sqrt(oneOverX*oneOverX-1.0));
}

double acsch(double x)
{
    double oneOverX = 1.0/x;

    return log(oneOverX+sqrt(oneOverX*oneOverX+1.0));
}

double acoth(double x)
{
    double oneOverX = 1.0/x;

    return 0.5*log((1.0+oneOverX)/(1.0-oneOverX));
}

double * createStatesArray()
{
    double *res = (double *) malloc(STATE_COUNT*sizeof(double));

    for (size_t i = 0; i < STATE_COUNT; ++i) {
        res[i] = NAN;
    }

    return res;
}

double * createConstantsArray()
{
    double *res = (double *) malloc(CONSTANT_COUNT*sizeof(double));

    for (size_t i = 0; i < CONSTANT_COUNT; ++i) {
        res[i] = NAN;
    }

    return res;
}

double * createComputedConstantsArray()
{
    double *res = (double *) malloc(COMPUTED_CONSTANT_COUNT*sizeof(double));

    for (size_t i = 0; i < COMPUTED_CONSTANT_COUNT; ++i) {
        res[i] = NAN;
    }

    return res;
}

double * createAlgebraicArray()
{
    double *res = (double *) malloc(ALGEBRAIC_COUNT*sizeof(double));

    for (size_t i = 0; i < ALGEBRAIC_COUNT; ++i) {
        res[i] = NAN;
    }

    return res;
}

void deleteArray(double *array)
{
    free(array);
}

typedef struct {
    double voi;
    double *states;
    double *rates;
    double *variables;
} RootFindingInfo;

extern void nlaSolve(void (*objectiveFunction)(double *, double *, void *),
                     double *u, size_t n, void *data);

void objectiveFunction0(double *u, double *f, void *data)
{
    double voi = ((RootFindingInfo *) data)->voi;
    double *states = ((RootFindingInfo *) data)->states;
    double *rates = ((RootFindingInfo *) data)->rates;
    double *variables = ((RootFindingInfo *) data)->variables;

    algebraic[0] = u[0];
    algebraic[1] = u[1];

    f[0] = algebraic[0]+algebraic[1]+states[0]-0.0;
    f[1] = algebraic[0]-algebraic[1]-(computedConstants[198]+computedConstants[199]);
}

void findRoot0(double voi, double *states, double *rates, double *variables)
{
    RootFindingInfo rfi = { voi, states, rates, variables };
    double u[2];

    u[0] = algebraic[0];
    u[1] = algebraic[1];

    nlaSolve(objectiveFunction0, u, 2, &rfi);

    algebraic[0] = u[0];
    algebraic[1] = u[1];
}

void initialiseVariables(double voi, double *states, double *rates, double *constants, double *algebraic)
{
    states[0] = 0.0;
    constants[0] = 1.0;
    constants[1] = 2.0;
    constants[2] = 3.0;
    constants[3] = 4.0;
    constants[4] = 5.0;
    constants[5] = 6.0;
    constants[6] = 7.0;
    computedConstants[177] = 123.0;
    computedConstants[178] = 123.456789;
    computedConstants[179] = 123.0e99;
    computedConstants[180] = 123.456789e99;
    computedConstants[182] = 1.0;
    computedConstants[183] = 0.0;
    computedConstants[184] = 2.71828182845905;
    computedConstants[185] = 3.14159265358979;
    computedConstants[186] = INFINITY;
    computedConstants[187] = NAN;
    computedConstants[198] = 1.0;
    computedConstants[199] = 3.0;
    algebraic[0] = 1.0;
    algebraic[1] = 2.0;
}

void computeComputedConstants(double *constants, double *computedConstants)
{
    computedConstants[0] = eq(constants[0], constants[1]);
    computedConstants[1] = constants[0]/eq(constants[1], constants[1]);
    computedConstants[2] = neq(constants[0], constants[1]);
    computedConstants[3] = constants[0]/neq(constants[1], constants[2]);
    computedConstants[4] = lt(constants[0], constants[1]);
    computedConstants[5] = constants[0]/lt(constants[1], constants[2]);
    computedConstants[6] = leq(constants[0], constants[1]);
    computedConstants[7] = constants[0]/leq(constants[1], constants[2]);
    computedConstants[8] = gt(constants[0], constants[1]);
    computedConstants[9] = constants[0]/gt(constants[1], constants[2]);
    computedConstants[10] = geq(constants[0], constants[1]);
    computedConstants[11] = constants[0]/geq(constants[1], constants[2]);
    computedConstants[12] = and(constants[0], constants[1]);
    computedConstants[13] = and(constants[0], and(constants[1], constants[2]));
    computedConstants[14] = and(lt(constants[0], constants[1]), gt(constants[2], constants[3]));
    computedConstants[15] = and(constants[0]+constants[1], gt(constants[2], constants[3]));
    computedConstants[16] = and(constants[0], gt(constants[1], constants[2]));
    computedConstants[17] = and(constants[0]-constants[1], gt(constants[2], constants[3]));
    computedConstants[18] = and(-constants[0], gt(constants[1], constants[2]));
    computedConstants[19] = and(pow(constants[0], constants[1]), gt(constants[2], constants[3]));
    computedConstants[20] = and(pow(constants[0], 1.0/constants[1]), gt(constants[2], constants[3]));
    computedConstants[21] = and(lt(constants[0], constants[1]), constants[2]+constants[3]);
    computedConstants[22] = and(lt(constants[0], constants[1]), constants[2]);
    computedConstants[23] = and(lt(constants[0], constants[1]), constants[2]-constants[3]);
    computedConstants[24] = and(lt(constants[0], constants[1]), -constants[2]);
    computedConstants[25] = and(lt(constants[0], constants[1]), pow(constants[2], constants[3]));
    computedConstants[26] = and(lt(constants[0], constants[1]), pow(constants[2], 1.0/constants[3]));
    computedConstants[27] = constants[0]/and(constants[1], constants[2]);
    computedConstants[28] = or(constants[0], constants[1]);
    computedConstants[29] = or(constants[0], or(constants[1], constants[2]));
    computedConstants[30] = or(lt(constants[0], constants[1]), gt(constants[2], constants[3]));
    computedConstants[31] = or(constants[0]+constants[1], gt(constants[2], constants[3]));
    computedConstants[32] = or(constants[0], gt(constants[1], constants[2]));
    computedConstants[33] = or(constants[0]-constants[1], gt(constants[2], constants[3]));
    computedConstants[34] = or(-constants[0], gt(constants[1], constants[2]));
    computedConstants[35] = or(pow(constants[0], constants[1]), gt(constants[2], constants[3]));
    computedConstants[36] = or(pow(constants[0], 1.0/constants[1]), gt(constants[2], constants[3]));
    computedConstants[37] = or(lt(constants[0], constants[1]), constants[2]+constants[3]);
    computedConstants[38] = or(lt(constants[0], constants[1]), constants[2]);
    computedConstants[39] = or(lt(constants[0], constants[1]), constants[2]-constants[3]);
    computedConstants[40] = or(lt(constants[0], constants[1]), -constants[2]);
    computedConstants[41] = or(lt(constants[0], constants[1]), pow(constants[2], constants[3]));
    computedConstants[42] = or(lt(constants[0], constants[1]), pow(constants[2], 1.0/constants[3]));
    computedConstants[43] = constants[0]/or(constants[1], constants[2]);
    computedConstants[44] = xor(constants[0], constants[1]);
    computedConstants[45] = xor(constants[0], xor(constants[1], constants[2]));
    computedConstants[46] = xor(lt(constants[0], constants[1]), gt(constants[2], constants[3]));
    computedConstants[47] = xor(constants[0]+constants[1], gt(constants[2], constants[3]));
    computedConstants[48] = xor(constants[0], gt(constants[1], constants[2]));
    computedConstants[49] = xor(constants[0]-constants[1], gt(constants[2], constants[3]));
    computedConstants[50] = xor(-constants[0], gt(constants[1], constants[2]));
    computedConstants[51] = xor(pow(constants[0], constants[1]), gt(constants[2], constants[3]));
    computedConstants[52] = xor(pow(constants[0], 1.0/constants[1]), gt(constants[2], constants[3]));
    computedConstants[53] = xor(lt(constants[0], constants[1]), constants[2]+constants[3]);
    computedConstants[54] = xor(lt(constants[0], constants[1]), constants[2]);
    computedConstants[55] = xor(lt(constants[0], constants[1]), constants[2]-constants[3]);
    computedConstants[56] = xor(lt(constants[0], constants[1]), -constants[2]);
    computedConstants[57] = xor(lt(constants[0], constants[1]), pow(constants[2], constants[3]));
    computedConstants[58] = xor(lt(constants[0], constants[1]), pow(constants[2], 1.0/constants[3]));
    computedConstants[59] = constants[0]/xor(constants[1], constants[2]);
    computedConstants[60] = not(constants[0]);
    computedConstants[61] = constants[0]+constants[1];
    computedConstants[62] = constants[0]+constants[1]+constants[2];
    computedConstants[63] = lt(constants[0], constants[1])+gt(constants[2], constants[3]);
    computedConstants[64] = constants[0];
    computedConstants[65] = constants[0]-constants[1];
    computedConstants[66] = lt(constants[0], constants[1])-gt(constants[2], constants[3]);
    computedConstants[67] = lt(constants[0], constants[1])-(constants[2]+constants[3]);
    computedConstants[68] = lt(constants[0], constants[1])-constants[2];
    computedConstants[69] = constants[0]-(-constants[1]);
    computedConstants[70] = constants[0]-(-constants[1]*constants[2]);
    computedConstants[71] = -constants[0];
    computedConstants[72] = -lt(constants[0], constants[1]);
    computedConstants[73] = constants[0]*constants[1];
    computedConstants[74] = constants[0]*constants[1]*constants[2];
    computedConstants[75] = lt(constants[0], constants[1])*gt(constants[2], constants[3]);
    computedConstants[76] = (constants[0]+constants[1])*gt(constants[2], constants[3]);
    computedConstants[77] = constants[0]*gt(constants[1], constants[2]);
    computedConstants[78] = (constants[0]-constants[1])*gt(constants[2], constants[3]);
    computedConstants[79] = -constants[0]*gt(constants[1], constants[2]);
    computedConstants[80] = lt(constants[0], constants[1])*(constants[2]+constants[3]);
    computedConstants[81] = lt(constants[0], constants[1])*constants[2];
    computedConstants[82] = lt(constants[0], constants[1])*(constants[2]-constants[3]);
    computedConstants[83] = lt(constants[0], constants[1])*-constants[2];
    computedConstants[84] = constants[0]/constants[1];
    computedConstants[85] = lt(constants[0], constants[1])/gt(constants[3], constants[2]);
    computedConstants[86] = (constants[0]+constants[1])/gt(constants[3], constants[2]);
    computedConstants[87] = constants[0]/gt(constants[2], constants[1]);
    computedConstants[88] = (constants[0]-constants[1])/gt(constants[3], constants[2]);
    computedConstants[89] = -constants[0]/gt(constants[2], constants[1]);
    computedConstants[90] = lt(constants[0], constants[1])/(constants[2]+constants[3]);
    computedConstants[91] = lt(constants[0], constants[1])/constants[2];
    computedConstants[92] = lt(constants[0], constants[1])/(constants[2]-constants[3]);
    computedConstants[93] = lt(constants[0], constants[1])/-constants[2];
    computedConstants[94] = lt(constants[0], constants[1])/(constants[2]*constants[3]);
    computedConstants[95] = lt(constants[0], constants[1])/(constants[2]/constants[3]);
    computedConstants[96] = sqrt(constants[0]);
    computedConstants[97] = pow(constants[0], 2.0);
    computedConstants[98] = pow(constants[0], 3.0);
    computedConstants[99] = pow(constants[0], constants[1]);
    computedConstants[100] = pow(leq(constants[0], constants[1]), geq(constants[2], constants[3]));
    computedConstants[101] = pow(constants[0]+constants[1], geq(constants[2], constants[3]));
    computedConstants[102] = pow(constants[0], geq(constants[1], constants[2]));
    computedConstants[103] = pow(constants[0]-constants[1], geq(constants[2], constants[3]));
    computedConstants[104] = pow(-constants[0], geq(constants[1], constants[2]));
    computedConstants[105] = pow(constants[0]*constants[1], geq(constants[2], constants[3]));
    computedConstants[106] = pow(constants[0]/constants[1], geq(constants[2], constants[3]));
    computedConstants[107] = pow(leq(constants[0], constants[1]), constants[2]+constants[3]);
    computedConstants[108] = pow(leq(constants[0], constants[1]), constants[2]);
    computedConstants[109] = pow(leq(constants[0], constants[1]), constants[2]-constants[3]);
    computedConstants[110] = pow(leq(constants[0], constants[1]), -constants[2]);
    computedConstants[111] = pow(leq(constants[0], constants[1]), constants[2]*constants[3]);
    computedConstants[112] = pow(leq(constants[0], constants[1]), constants[2]/constants[3]);
    computedConstants[113] = pow(leq(constants[0], constants[1]), pow(constants[2], constants[3]));
    computedConstants[114] = pow(leq(constants[0], constants[1]), pow(constants[2], 1.0/constants[3]));
    computedConstants[115] = sqrt(constants[0]);
    computedConstants[116] = sqrt(constants[0]);
    computedConstants[117] = pow(constants[0], 1.0/3.0);
    computedConstants[118] = pow(constants[0], 1.0/constants[1]);
    computedConstants[119] = pow(lt(constants[0], constants[1]), 1.0/gt(constants[3], constants[2]));
    computedConstants[120] = pow(constants[0]+constants[1], 1.0/gt(constants[3], constants[2]));
    computedConstants[121] = pow(constants[0], 1.0/gt(constants[2], constants[1]));
    computedConstants[122] = pow(constants[0]-constants[1], 1.0/gt(constants[3], constants[2]));
    computedConstants[123] = pow(-constants[0], 1.0/gt(constants[2], constants[1]));
    computedConstants[124] = pow(constants[0]*constants[1], 1.0/gt(constants[3], constants[2]));
    computedConstants[125] = pow(constants[0]/constants[1], 1.0/gt(constants[3], constants[2]));
    computedConstants[126] = pow(lt(constants[0], constants[1]), 1.0/(constants[2]+constants[3]));
    computedConstants[127] = pow(lt(constants[0], constants[1]), 1.0/constants[2]);
    computedConstants[128] = pow(lt(constants[0], constants[1]), 1.0/(constants[2]-constants[3]));
    computedConstants[129] = pow(lt(constants[0], constants[1]), 1.0/-constants[2]);
    computedConstants[130] = pow(lt(constants[0], constants[1]), 1.0/(constants[2]*constants[3]));
    computedConstants[131] = pow(lt(constants[0], constants[1]), 1.0/(constants[2]/constants[3]));
    computedConstants[132] = pow(lt(constants[0], constants[1]), 1.0/pow(constants[2], constants[3]));
    computedConstants[133] = pow(lt(constants[0], constants[1]), 1.0/pow(constants[2], 1.0/constants[3]));
    computedConstants[134] = fabs(constants[0]);
    computedConstants[135] = exp(constants[0]);
    computedConstants[136] = log(constants[0]);
    computedConstants[137] = log10(constants[0]);
    computedConstants[138] = log(constants[0])/log(2.0);
    computedConstants[139] = log10(constants[0]);
    computedConstants[140] = log(constants[0])/log(constants[1]);
    computedConstants[141] = ceil(constants[0]);
    computedConstants[142] = floor(constants[0]);
    computedConstants[143] = min(constants[0], constants[1]);
    computedConstants[144] = min(constants[0], min(constants[1], constants[2]));
    computedConstants[145] = max(constants[0], constants[1]);
    computedConstants[146] = max(constants[0], max(constants[1], constants[2]));
    computedConstants[147] = fmod(constants[0], constants[1]);
    computedConstants[148] = sin(constants[0]);
    computedConstants[149] = cos(constants[0]);
    computedConstants[150] = tan(constants[0]);
    computedConstants[151] = sec(constants[0]);
    computedConstants[152] = csc(constants[0]);
    computedConstants[153] = cot(constants[0]);
    computedConstants[154] = sinh(constants[0]);
    computedConstants[155] = cosh(constants[0]);
    computedConstants[156] = tanh(constants[0]);
    computedConstants[157] = sech(constants[0]);
    computedConstants[158] = csch(constants[0]);
    computedConstants[159] = coth(constants[0]);
    computedConstants[160] = asin(constants[0]);
    computedConstants[161] = acos(constants[0]);
    computedConstants[162] = atan(constants[0]);
    computedConstants[163] = asec(constants[0]);
    computedConstants[164] = acsc(constants[0]);
    computedConstants[165] = acot(constants[0]);
    computedConstants[166] = asinh(constants[0]);
    computedConstants[167] = acosh(constants[0]);
    computedConstants[168] = atanh(constants[0]/2.0);
    computedConstants[169] = asech(constants[0]);
    computedConstants[170] = acsch(constants[0]);
    computedConstants[171] = acoth(2.0*constants[0]);
    computedConstants[172] = (gt(constants[0], constants[1]))?constants[0]:NAN;
    computedConstants[173] = (gt(constants[0], constants[1]))?constants[0]:constants[2];
    computedConstants[174] = (gt(constants[0], constants[1]))?constants[0]:(gt(constants[2], constants[3]))?constants[2]:(gt(constants[4], constants[5]))?constants[4]:NAN;
    computedConstants[175] = (gt(constants[0], constants[1]))?constants[0]:(gt(constants[2], constants[3]))?constants[2]:(gt(constants[4], constants[5]))?constants[4]:constants[6];
    computedConstants[176] = 123.0+((gt(constants[0], constants[1]))?constants[0]:NAN);
    computedConstants[181] = constants[0];
    computedConstants[188] = and(constants[0], constants[1])+((gt(constants[2], constants[3]))?constants[1]:NAN)+constants[4]+and(constants[5], constants[6]);
    computedConstants[189] = and(constants[0], constants[1])-(((gt(constants[2], constants[3]))?constants[1]:NAN)-(constants[4]-((gt(constants[2], constants[3]))?constants[1]:NAN)))-and(constants[5], constants[6]);
    computedConstants[190] = and(constants[0], constants[1])*((gt(constants[2], constants[3]))?constants[1]:NAN)*constants[4]*((gt(constants[2], constants[3]))?constants[1]:NAN)*and(constants[5], constants[6]);
    computedConstants[191] = and(constants[0], constants[1])/(((gt(constants[2], constants[3]))?constants[1]:NAN)/(constants[4]/((gt(constants[2], constants[3]))?constants[1]:NAN)));
    computedConstants[192] = and(or(constants[0], constants[1]), and(xor(constants[0], constants[1]), and((gt(constants[2], constants[3]))?constants[1]:NAN, and(and(and(constants[4], (gt(constants[2], constants[3]))?constants[1]:NAN), xor(constants[0], constants[1])), or(constants[0], constants[1])))));
    computedConstants[193] = or(and(constants[0], constants[1]), or(xor(constants[0], constants[1]), or((gt(constants[2], constants[3]))?constants[1]:NAN, or(or(or(constants[4], (gt(constants[2], constants[3]))?constants[1]:NAN), xor(constants[0], constants[1])), and(constants[0], constants[1])))));
    computedConstants[194] = xor(and(constants[0], constants[1]), xor(or(constants[0], constants[1]), xor((gt(constants[2], constants[3]))?constants[1]:NAN, xor(xor(xor(constants[4], (gt(constants[2], constants[3]))?constants[1]:NAN), or(constants[0], constants[1])), and(constants[0], constants[1])))));
    computedConstants[195] = pow(and(constants[0], constants[1]), pow((gt(constants[2], constants[3]))?constants[1]:NAN, pow(pow(constants[4], (gt(constants[2], constants[3]))?constants[1]:NAN), and(constants[0], constants[1]))));
    computedConstants[196] = pow(pow(pow(and(constants[0], constants[1]), 1.0/pow((gt(constants[2], constants[3]))?constants[1]:NAN, 1.0/constants[4])), 1.0/((gt(constants[2], constants[3]))?constants[1]:NAN)), 1.0/and(constants[0], constants[1]));
    computedConstants[197] = -and(constants[0], constants[1])+-((gt(constants[2], constants[3]))?constants[1]:NAN);
}

void computeRates(double voi, double *states, double *rates, double *constants, double *computedConstants, double *algebraic)
{
    rates[0] = 1.0;
}

void computeVariables(double voi, double *states, double *rates, double *constants, double *computedConstants, double *algebraic)
{
    findRoot0(voi, states, rates, variables);
}
