/* The content of this file was generated using a modified C profile of libCellML 0.5.0. */

#pragma once

#include <stddef.h>

double * createStatesArray();
double * createConstantsArray();
double * createComputedConstantsArray();
double * createAlgebraicArray();

void deleteArray(double *array);

void initialiseVariables(double *states, double *rates, double *constants, double *algebraic);
void computeComputedConstants(double *constants, double *computedConstants);
void computeRates(double voi, double *states, double *rates, double *constants, double *computedConstants, double *algebraic);
void computeVariables(double voi, double *states, double *rates, double *constants, double *computedConstants, double *algebraic);
