/* The content of this file was generated using a modified C profile of libCellML 0.5.0. */

#include "customheaderfile.h"

double sec(double x)
{
    return 1.0/cos(x);
}

double csc(double x)
{
    return 1.0/sin(x);
}

double cot(double x)
{
    return 1.0/tan(x);
}

double sech(double x)
{
    return 1.0/cosh(x);
}

double csch(double x)
{
    return 1.0/sinh(x);
}

double coth(double x)
{
    return 1.0/tanh(x);
}

double asec(double x)
{
    return acos(1.0/x);
}

double acsc(double x)
{
    return asin(1.0/x);
}

double acot(double x)
{
    return atan(1.0/x);
}

double asech(double x)
{
    return acosh(1.0/x);
}

double acsch(double x)
{
    return asinh(1.0/x);
}

double acoth(double x)
{
    return atanh(1.0/x);
}

typedef struct {
    double voi;
    double *states;
    double *rates;
    double *constants;
    double *computedConstants;
    double *algebraic;
    double *externals;
} RootFindingInfo;

extern void nlaSolve(void (*objectiveFunction)(double *, double *, void *),
                     double *u, size_t n, void *data);

void objectiveFunction0(double *u, double *f, void *data)
{
    double voi = ((RootFindingInfo *) data)->voi;
    double *states = ((RootFindingInfo *) data)->states;
    double *rates = ((RootFindingInfo *) data)->rates;
    double *constants = ((RootFindingInfo *) data)->constants;
    double *computedConstants = ((RootFindingInfo *) data)->computedConstants;
    double *algebraic = ((RootFindingInfo *) data)->algebraic;
    double *externals = ((RootFindingInfo *) data)->externals;

    algebraic[3] = u[0];
    algebraic[4] = u[1];

    f[0] = algebraic[3]+algebraic[4]+states[0]-0.0;
    f[1] = algebraic[3]-algebraic[4]-(computedConstants[205]+computedConstants[206]);
}

void findRoot0(double voi, double *states, double *rates, double *constants, double *computedConstants, double *algebraic, double *externals)
{
    RootFindingInfo rfi = { voi, states, rates, constants, computedConstants, algebraic, externals };
    double u[2];

    u[0] = algebraic[3];
    u[1] = algebraic[4];

    nlaSolve(objectiveFunction0, u, 2, &rfi);

    algebraic[3] = u[0];
    algebraic[4] = u[1];
}

void computeComputedConstants(double *constants, double *computedConstants)
{
    computedConstants[0] = constants[0] == constants[1];
    computedConstants[1] = constants[0]/(constants[1] == constants[1]);
    computedConstants[2] = constants[0] != constants[1];
    computedConstants[3] = constants[0]/(constants[1] != constants[2]);
    computedConstants[4] = constants[0] < constants[1];
    computedConstants[5] = constants[0]/(constants[1] < constants[2]);
    computedConstants[6] = constants[0] <= constants[1];
    computedConstants[7] = constants[0]/(constants[1] <= constants[2]);
    computedConstants[8] = constants[0] > constants[1];
    computedConstants[9] = constants[0]/(constants[2] > constants[1]);
    computedConstants[10] = constants[0] >= constants[1];
    computedConstants[11] = constants[0]/(constants[2] >= constants[1]);
    computedConstants[12] = constants[0] && constants[1];
    computedConstants[13] = constants[0] && constants[1] && constants[2];
    computedConstants[14] = (constants[0] < constants[1]) && (constants[2] > constants[3]);
    computedConstants[15] = (constants[0]+constants[1]) && (constants[2] > constants[3]);
    computedConstants[16] = constants[0] && (constants[1] > constants[2]);
    computedConstants[17] = (constants[0]-constants[1]) && (constants[2] > constants[3]);
    computedConstants[18] = -constants[0] && (constants[1] > constants[2]);
    computedConstants[19] = (constants[0]^^constants[1]) && (constants[2] > constants[3]);
    computedConstants[20] = (constants[0]^^(1.0/constants[1])) && (constants[2] > constants[3]);
    computedConstants[21] = (constants[0] < constants[1]) && (constants[2]+constants[3]);
    computedConstants[22] = (constants[0] < constants[1]) && constants[2];
    computedConstants[23] = (constants[0] < constants[1]) && (constants[2]-constants[3]);
    computedConstants[24] = (constants[0] < constants[1]) && -constants[2];
    computedConstants[25] = (constants[0] < constants[1]) && (constants[2]^^constants[3]);
    computedConstants[26] = (constants[0] < constants[1]) && (constants[2]^^(1.0/constants[3]));
    computedConstants[27] = constants[0]/(constants[1] && constants[2]);
    computedConstants[28] = (constants[0] < constants[1]) || (constants[2] > constants[3]);
    computedConstants[29] = (constants[0]+constants[1]) || (constants[2] > constants[3]);
    computedConstants[30] = constants[0] || (constants[1] > constants[2]);
    computedConstants[31] = (constants[0]-constants[1]) || (constants[2] > constants[3]);
    computedConstants[32] = -constants[0] || (constants[1] > constants[2]);
    computedConstants[33] = (constants[0]^^constants[1]) || (constants[2] > constants[3]);
    computedConstants[34] = (constants[0]^^(1.0/constants[1])) || (constants[2] > constants[3]);
    computedConstants[35] = (constants[0] < constants[1]) || (constants[2]+constants[3]);
    computedConstants[36] = (constants[0] < constants[1]) || constants[2];
    computedConstants[37] = (constants[0] < constants[1]) || (constants[2]-constants[3]);
    computedConstants[38] = (constants[0] < constants[1]) || -constants[2];
    computedConstants[39] = (constants[0] < constants[1]) || (constants[2]^^constants[3]);
    computedConstants[40] = (constants[0] < constants[1]) || (constants[2]^^(1.0/constants[3]));
    computedConstants[41] = constants[0]/(constants[1] || constants[2]);
    computedConstants[42] = constants[0]^constants[1];
    computedConstants[43] = constants[0]^constants[1]^constants[2];
    computedConstants[44] = (constants[0] < constants[1])^(constants[2] > constants[3]);
    computedConstants[45] = (constants[0]+constants[1])^(constants[2] > constants[3]);
    computedConstants[46] = constants[0]^(constants[1] > constants[2]);
    computedConstants[47] = (constants[0]-constants[1])^(constants[2] > constants[3]);
    computedConstants[48] = -constants[0]^(constants[1] > constants[2]);
    computedConstants[49] = (constants[0]^^constants[1])^(constants[2] > constants[3]);
    computedConstants[50] = (constants[0]^^(1.0/constants[1]))^(constants[2] > constants[3]);
    computedConstants[51] = (constants[0] < constants[1])^(constants[2]+constants[3]);
    computedConstants[52] = (constants[0] < constants[1])^constants[2];
    computedConstants[53] = (constants[0] < constants[1])^(constants[2]-constants[3]);
    computedConstants[54] = (constants[0] < constants[1])^-constants[2];
    computedConstants[55] = (constants[0] < constants[1])^(constants[2]^^constants[3]);
    computedConstants[56] = (constants[0] < constants[1])^(constants[2]^^(1.0/constants[3]));
    computedConstants[57] = !constants[0];
    computedConstants[58] = constants[0]+constants[1]+constants[2];
    computedConstants[59] = (constants[0] < constants[1])+(constants[2] > constants[3]);
    computedConstants[60] = constants[0];
    computedConstants[61] = constants[0]-constants[1];
    computedConstants[62] = (constants[0] < constants[1])-(constants[2] > constants[3]);
    computedConstants[63] = (constants[0] < constants[1])-(constants[2]+constants[3]);
    computedConstants[64] = (constants[0] < constants[1])-constants[2];
    computedConstants[65] = constants[0]-(-constants[1]);
    computedConstants[66] = constants[0]-(-constants[1]*constants[2]);
    computedConstants[67] = -constants[0];
    computedConstants[68] = -(constants[0] < constants[1]);
    computedConstants[69] = constants[0]*constants[1];
    computedConstants[70] = constants[0]*constants[1]*constants[2];
    computedConstants[71] = (constants[0] < constants[1])*(constants[2] > constants[3]);
    computedConstants[72] = (constants[0]+constants[1])*(constants[2] > constants[3]);
    computedConstants[73] = constants[0]*(constants[1] > constants[2]);
    computedConstants[74] = (constants[0]-constants[1])*(constants[2] > constants[3]);
    computedConstants[75] = -constants[0]*(constants[1] > constants[2]);
    computedConstants[76] = (constants[0] < constants[1])*(constants[2]+constants[3]);
    computedConstants[77] = (constants[0] < constants[1])*constants[2];
    computedConstants[78] = (constants[0] < constants[1])*(constants[2]-constants[3]);
    computedConstants[79] = (constants[0] < constants[1])*-constants[2];
    computedConstants[80] = constants[0]/constants[1];
    computedConstants[81] = (constants[0] < constants[1])/(constants[3] > constants[2]);
    computedConstants[82] = (constants[0]+constants[1])/(constants[3] > constants[2]);
    computedConstants[83] = constants[0]/(constants[2] > constants[1]);
    computedConstants[84] = (constants[0]-constants[1])/(constants[3] > constants[2]);
    computedConstants[85] = -constants[0]/(constants[2] > constants[1]);
    computedConstants[86] = (constants[0] < constants[1])/(constants[2]+constants[3]);
    computedConstants[87] = (constants[0] < constants[1])/constants[2];
    computedConstants[88] = (constants[0] < constants[1])/(constants[2]-constants[3]);
    computedConstants[89] = (constants[0] < constants[1])/-constants[2];
    computedConstants[90] = (constants[0] < constants[1])/(constants[2]*constants[3]);
    computedConstants[91] = (constants[0] < constants[1])/(constants[2]/constants[3]);
    computedConstants[92] = sqrt(constants[0]);
    computedConstants[93] = sqr(constants[0]);
    computedConstants[94] = constants[0]^^3.0;
    computedConstants[95] = constants[0]^^constants[1];
    computedConstants[96] = (constants[0] <= constants[1])^^(constants[2] >= constants[3]);
    computedConstants[97] = (constants[0]+constants[1])^^(constants[2] >= constants[3]);
    computedConstants[98] = constants[0]^^(constants[1] >= constants[2]);
    computedConstants[99] = (constants[0]-constants[1])^^(constants[2] >= constants[3]);
    computedConstants[100] = (-constants[0])^^(constants[1] >= constants[2]);
    computedConstants[101] = (constants[0]*constants[1])^^(constants[2] >= constants[3]);
    computedConstants[102] = (constants[0]/constants[1])^^(constants[2] >= constants[3]);
    computedConstants[103] = (constants[0] <= constants[1])^^(constants[2]+constants[3]);
    computedConstants[104] = (constants[0] <= constants[1])^^constants[2];
    computedConstants[105] = (constants[0] <= constants[1])^^constants[2]-constants[3];
    computedConstants[106] = (constants[0] <= constants[1])^^-constants[2];
    computedConstants[107] = (constants[0] <= constants[1])^^(constants[2]*constants[3]);
    computedConstants[108] = (constants[0] <= constants[1])^^(constants[2]/constants[3]);
    computedConstants[109] = (constants[0] <= constants[1])^^(constants[2]^^constants[3]);
    computedConstants[110] = (constants[0] <= constants[1])^^(constants[2]^^(1.0/constants[3]));
    computedConstants[111] = sqrt(constants[0]);
    computedConstants[112] = sqrt(constants[0]);
    computedConstants[113] = sqr(constants[0]);
    computedConstants[114] = constants[0]^^(1.0/3.0);
    computedConstants[115] = constants[0]^^(1.0/constants[1]);
    computedConstants[116] = (constants[0] < constants[1])^^(1.0/(constants[3] > constants[2]));
    computedConstants[117] = (constants[0]+constants[1])^^(1.0/(constants[3] > constants[2]));
    computedConstants[118] = constants[0]^^(1.0/(constants[2] > constants[1]));
    computedConstants[119] = (constants[0]-constants[1])^^(1.0/(constants[3] > constants[2]));
    computedConstants[120] = (-constants[0])^^(1.0/(constants[2] > constants[1]));
    computedConstants[121] = (constants[0]*constants[1])^^(1.0/(constants[3] > constants[2]));
    computedConstants[122] = (constants[0]/constants[1])^^(1.0/(constants[3] > constants[2]));
    computedConstants[123] = (constants[0] < constants[1])^^(1.0/(constants[2]+constants[3]));
    computedConstants[124] = (constants[0] < constants[1])^^(1.0/constants[2]);
    computedConstants[125] = (constants[0] < constants[1])^^(1.0/(constants[2]-constants[3]));
    computedConstants[126] = (constants[0] < constants[1])^^(1.0/(-constants[2]));
    computedConstants[127] = (constants[0] < constants[1])^^(1.0/(constants[2]*constants[3]));
    computedConstants[128] = (constants[0] < constants[1])^^(1.0/(constants[2]/constants[3]));
    computedConstants[129] = (constants[0] < constants[1])^^(1.0/(constants[2]^^constants[3]));
    computedConstants[130] = (constants[0] < constants[1])^^(1.0/(constants[2]^^(1.0/constants[3])));
    computedConstants[131] = fabs(constants[0]);
    computedConstants[132] = exp(constants[0]);
    computedConstants[133] = log(constants[0]);
    computedConstants[134] = log10(constants[0]);
    computedConstants[135] = log(constants[0])/log(2.0);
    computedConstants[136] = log10(constants[0]);
    computedConstants[137] = log(constants[0])/log(constants[1]);
    computedConstants[138] = ceil(constants[0]);
    computedConstants[139] = floor(constants[0]);
    computedConstants[140] = fmin(constants[0], constants[1]);
    computedConstants[141] = fmin(constants[0], fmin(constants[1], constants[2]));
    computedConstants[142] = fmax(constants[0], constants[1]);
    computedConstants[143] = fmax(constants[0], fmax(constants[1], constants[2]));
    computedConstants[144] = fmod(constants[0], constants[1]);
    computedConstants[145] = sin(constants[0]);
    computedConstants[146] = cos(constants[0]);
    computedConstants[147] = tan(constants[0]);
    computedConstants[148] = sec(constants[0]);
    computedConstants[149] = csc(constants[0]);
    computedConstants[150] = cot(constants[0]);
    computedConstants[151] = sinh(constants[0]);
    computedConstants[152] = cosh(constants[0]);
    computedConstants[153] = tanh(constants[0]);
    computedConstants[154] = sech(constants[0]);
    computedConstants[155] = csch(constants[0]);
    computedConstants[156] = coth(constants[0]);
    computedConstants[157] = asin(constants[0]);
    computedConstants[158] = acos(constants[0]);
    computedConstants[159] = atan(constants[0]);
    computedConstants[160] = asec(constants[0]);
    computedConstants[161] = acsc(constants[0]);
    computedConstants[162] = acot(constants[0]);
    computedConstants[163] = asinh(constants[0]);
    computedConstants[164] = acosh(constants[0]);
    computedConstants[165] = atanh(constants[0]/2.0);
    computedConstants[166] = asech(constants[0]);
    computedConstants[167] = acsch(constants[0]);
    computedConstants[168] = acoth(2.0*constants[0]);
    computedConstants[170] = piecewise(constants[0] > constants[1], constants[0], NAN);
    computedConstants[171] = piecewise(constants[0] < constants[1], constants[0], NAN);
    computedConstants[172] = constants[0];
    computedConstants[173] = piecewise(constants[0] > constants[1], constants[0], constants[2]);
    computedConstants[174] = piecewise(constants[0] > constants[1], constants[0], piecewise(constants[2] > constants[3], constants[2], piecewise(constants[4] > constants[5], constants[4], NAN)));
    computedConstants[175] = piecewise(constants[0] < constants[1], constants[0], piecewise(constants[2] > constants[3], constants[2], piecewise(constants[4] > constants[5], constants[4], NAN)));
    computedConstants[176] = piecewise(constants[0] > constants[1], constants[0], piecewise(constants[2] > constants[3], constants[2], piecewise(constants[4] > constants[5], constants[4], constants[6])));
    computedConstants[177] = 123.0+piecewise(constants[0] > constants[1], constants[0], NAN);
    computedConstants[178] = 123.0+piecewise(constants[0] < constants[1], constants[0], NAN);
    computedConstants[183] = constants[0];
    computedConstants[190] = (constants[0] && constants[1])+piecewise(constants[2] > constants[3], constants[1], NAN)+constants[4]+(constants[5] && constants[6]);
    computedConstants[191] = (constants[0] && constants[1])+piecewise(constants[2] < constants[3], constants[1], NAN)+constants[4]+(constants[5] && constants[6]);
    computedConstants[192] = (constants[0] && constants[1])-(piecewise(constants[2] > constants[3], constants[1], NAN)-(constants[4]-piecewise(constants[2] > constants[3], constants[1], NAN)))-(constants[5] && constants[6]);
    computedConstants[193] = (constants[0] && constants[1])-(piecewise(constants[2] < constants[3], constants[1], NAN)-(constants[4]-piecewise(constants[2] < constants[3], constants[1], NAN)))-(constants[5] && constants[6]);
    computedConstants[194] = (constants[0] && constants[1])*piecewise(constants[2] > constants[3], constants[1], NAN)*constants[4]*piecewise(constants[2] > constants[3], constants[1], NAN)*(constants[5] && constants[6]);
    computedConstants[195] = (constants[0] && constants[1])*piecewise(constants[2] < constants[3], constants[1], NAN)*constants[4]*piecewise(constants[2] < constants[3], constants[1], NAN)*(constants[5] && constants[6]);
    computedConstants[196] = (constants[0] && constants[1])/(piecewise(constants[2] > constants[3], constants[1], NAN)/(constants[4]/piecewise(constants[2] > constants[3], constants[1], NAN)));
    computedConstants[197] = (constants[0] && constants[1])/(piecewise(constants[2] < constants[3], constants[1], NAN)/(constants[4]/piecewise(constants[2] < constants[3], constants[1], NAN)));
    computedConstants[198] = (constants[0] || constants[1]) && (constants[0]^constants[1]) && piecewise(constants[2] > constants[3], constants[1], NAN) && constants[4] && piecewise(constants[2] > constants[3], constants[1], NAN) && (constants[0]^constants[1]) && (constants[0] || constants[1]);
    computedConstants[199] = (constants[0] && constants[1]) || (constants[0]^constants[1]) || piecewise(constants[2] > constants[3], constants[1], NAN) || constants[4] || piecewise(constants[2] > constants[3], constants[1], NAN) || (constants[0]^constants[1]) || (constants[0] && constants[1]);
    computedConstants[200] = (constants[0] && constants[1])^(constants[0] || constants[1])^piecewise(constants[2] > constants[3], constants[1], NAN)^constants[4]^piecewise(constants[2] > constants[3], constants[1], NAN)^(constants[0] || constants[1])^(constants[0] && constants[1]);
    computedConstants[201] = (constants[0] && constants[1])^^(piecewise(constants[2] > constants[3], constants[1], NAN)^^(constants[4]^^piecewise(constants[2] > constants[3], constants[1], NAN)^^(constants[0] && constants[1])));
    computedConstants[202] = (constants[0] && constants[1])^^(1.0/(piecewise(constants[2] > constants[3], constants[1], NAN)^^(1.0/constants[4])))^^(1.0/piecewise(constants[2] > constants[3], constants[1], NAN))^^(1.0/(constants[0] && constants[1]));
    computedConstants[203] = -(constants[0] && constants[1])+-piecewise(constants[2] > constants[3], constants[1], NAN);
    computedConstants[204] = -(constants[0] && constants[1])+-piecewise(constants[2] < constants[3], constants[1], NAN);
}

void computeRates(double voi, double *states, double *rates, double *constants, double *computedConstants, double *algebraic, double *externals, ExternalVariable externalVariable)
{
    rates[0] = 1.0;
}
